<?xml version="1.0"?>
<link_info>
   <banner>TI ARM Linker PC v5.2.5</banner>
   <copyright>Copyright (c) 1996-2015 Texas Instruments Incorporated</copyright>
   <link_time>0x56271949</link_time>
   <link_errors>0x0</link_errors>
   <output_file>LeapMotionCustom.out</output_file>
   <entry_point>
      <name>_c_int00</name>
      <address>0x2c55</address>
   </entry_point>
   <input_file_list>
      <input_file id="fl-2">
         <path>.\</path>
         <kind>object</kind>
         <file>main.obj</file>
         <name>main.obj</name>
      </input_file>
      <input_file id="fl-3">
         <path>.\</path>
         <kind>object</kind>
         <file>tm4c123gh6pm_startup_ccs.obj</file>
         <name>tm4c123gh6pm_startup_ccs.obj</name>
      </input_file>
      <input_file id="fl-4">
         <path>.\</path>
         <kind>object</kind>
         <file>uartstdio.obj</file>
         <name>uartstdio.obj</name>
      </input_file>
      <input_file id="fl-5">
         <path>.\</path>
         <kind>object</kind>
         <file>usb_bulk_structs.obj</file>
         <name>usb_bulk_structs.obj</name>
      </input_file>
      <input_file id="fl-c">
         <path>C:\ti\TivaWare_C_Series-2.1.1.71\driverlib\ccs\Debug\</path>
         <kind>archive</kind>
         <file>driverlib.lib</file>
         <name>gpio.obj</name>
      </input_file>
      <input_file id="fl-d">
         <path>C:\ti\TivaWare_C_Series-2.1.1.71\driverlib\ccs\Debug\</path>
         <kind>archive</kind>
         <file>driverlib.lib</file>
         <name>interrupt.obj</name>
      </input_file>
      <input_file id="fl-e">
         <path>C:\ti\TivaWare_C_Series-2.1.1.71\driverlib\ccs\Debug\</path>
         <kind>archive</kind>
         <file>driverlib.lib</file>
         <name>pwm.obj</name>
      </input_file>
      <input_file id="fl-f">
         <path>C:\ti\TivaWare_C_Series-2.1.1.71\driverlib\ccs\Debug\</path>
         <kind>archive</kind>
         <file>driverlib.lib</file>
         <name>sysctl.obj</name>
      </input_file>
      <input_file id="fl-10">
         <path>C:\ti\TivaWare_C_Series-2.1.1.71\driverlib\ccs\Debug\</path>
         <kind>archive</kind>
         <file>driverlib.lib</file>
         <name>uart.obj</name>
      </input_file>
      <input_file id="fl-11">
         <path>C:\ti\TivaWare_C_Series-2.1.1.71\driverlib\ccs\Debug\</path>
         <kind>archive</kind>
         <file>driverlib.lib</file>
         <name>cpu.obj</name>
      </input_file>
      <input_file id="fl-12">
         <path>C:\ti\TivaWare_C_Series-2.1.1.71\usblib\ccs\Debug\</path>
         <kind>archive</kind>
         <file>usblib.lib</file>
         <name>usbbuffer.obj</name>
      </input_file>
      <input_file id="fl-13">
         <path>C:\ti\TivaWare_C_Series-2.1.1.71\usblib\ccs\Debug\</path>
         <kind>archive</kind>
         <file>usblib.lib</file>
         <name>usbmode.obj</name>
      </input_file>
      <input_file id="fl-14">
         <path>C:\ti\TivaWare_C_Series-2.1.1.71\usblib\ccs\Debug\</path>
         <kind>archive</kind>
         <file>usblib.lib</file>
         <name>usbringbuf.obj</name>
      </input_file>
      <input_file id="fl-15">
         <path>C:\ti\TivaWare_C_Series-2.1.1.71\usblib\ccs\Debug\</path>
         <kind>archive</kind>
         <file>usblib.lib</file>
         <name>usbtick.obj</name>
      </input_file>
      <input_file id="fl-16">
         <path>C:\ti\TivaWare_C_Series-2.1.1.71\usblib\ccs\Debug\</path>
         <kind>archive</kind>
         <file>usblib.lib</file>
         <name>usbhostenum.obj</name>
      </input_file>
      <input_file id="fl-17">
         <path>C:\ti\TivaWare_C_Series-2.1.1.71\usblib\ccs\Debug\</path>
         <kind>archive</kind>
         <file>usblib.lib</file>
         <name>usbdbulk.obj</name>
      </input_file>
      <input_file id="fl-18">
         <path>C:\ti\TivaWare_C_Series-2.1.1.71\usblib\ccs\Debug\</path>
         <kind>archive</kind>
         <file>usblib.lib</file>
         <name>usbdenum.obj</name>
      </input_file>
      <input_file id="fl-19">
         <path>C:\ti\TivaWare_C_Series-2.1.1.71\usblib\ccs\Debug\</path>
         <kind>archive</kind>
         <file>usblib.lib</file>
         <name>usbdhandler.obj</name>
      </input_file>
      <input_file id="fl-1a">
         <path>C:\ti\TivaWare_C_Series-2.1.1.71\usblib\ccs\Debug\</path>
         <kind>archive</kind>
         <file>usblib.lib</file>
         <name>usbdesc.obj</name>
      </input_file>
      <input_file id="fl-1b">
         <path>C:\ti\TivaWare_C_Series-2.1.1.71\usblib\ccs\Debug\</path>
         <kind>archive</kind>
         <file>usblib.lib</file>
         <name>usbdma.obj</name>
      </input_file>
      <input_file id="fl-1c">
         <path>C:\ti\TivaWare_C_Series-2.1.1.71\usblib\ccs\Debug\</path>
         <kind>archive</kind>
         <file>usblib.lib</file>
         <name>usbulpi.obj</name>
      </input_file>
      <input_file id="fl-1d">
         <path>C:\ti\TivaWare_C_Series-2.1.1.71\usblib\ccs\Debug\</path>
         <kind>archive</kind>
         <file>usblib.lib</file>
         <name>usbhhub.obj</name>
      </input_file>
      <input_file id="fl-1e">
         <path>C:\ti\TivaWare_C_Series-2.1.1.71\usblib\ccs\Debug\</path>
         <kind>archive</kind>
         <file>usblib.lib</file>
         <name>usbdcdesc.obj</name>
      </input_file>
      <input_file id="fl-1f">
         <path>C:\ti\TivaWare_C_Series-2.1.1.71\usblib\ccs\Debug\</path>
         <kind>archive</kind>
         <file>usblib.lib</file>
         <name>usbdconfig.obj</name>
      </input_file>
      <input_file id="fl-141">
         <path>C:\ti\ccsv6\tools\compiler\ti-cgt-arm_5.2.5\lib\</path>
         <kind>archive</kind>
         <file>rtsv7M4_T_le_v4SPD16_eabi.lib</file>
         <name>boot.obj</name>
      </input_file>
      <input_file id="fl-142">
         <path>C:\ti\ccsv6\tools\compiler\ti-cgt-arm_5.2.5\lib\</path>
         <kind>archive</kind>
         <file>rtsv7M4_T_le_v4SPD16_eabi.lib</file>
         <name>copy_decompress_none.obj</name>
      </input_file>
      <input_file id="fl-143">
         <path>C:\ti\ccsv6\tools\compiler\ti-cgt-arm_5.2.5\lib\</path>
         <kind>archive</kind>
         <file>rtsv7M4_T_le_v4SPD16_eabi.lib</file>
         <name>copy_decompress_rle.obj</name>
      </input_file>
      <input_file id="fl-144">
         <path>C:\ti\ccsv6\tools\compiler\ti-cgt-arm_5.2.5\lib\</path>
         <kind>archive</kind>
         <file>rtsv7M4_T_le_v4SPD16_eabi.lib</file>
         <name>copy_zero_init.obj</name>
      </input_file>
      <input_file id="fl-145">
         <path>C:\ti\ccsv6\tools\compiler\ti-cgt-arm_5.2.5\lib\</path>
         <kind>archive</kind>
         <file>rtsv7M4_T_le_v4SPD16_eabi.lib</file>
         <name>exit.obj</name>
      </input_file>
      <input_file id="fl-146">
         <path>C:\ti\ccsv6\tools\compiler\ti-cgt-arm_5.2.5\lib\</path>
         <kind>archive</kind>
         <file>rtsv7M4_T_le_v4SPD16_eabi.lib</file>
         <name>memcpy_t2.obj</name>
      </input_file>
      <input_file id="fl-147">
         <path>C:\ti\ccsv6\tools\compiler\ti-cgt-arm_5.2.5\lib\</path>
         <kind>archive</kind>
         <file>rtsv7M4_T_le_v4SPD16_eabi.lib</file>
         <name>memset_t2.obj</name>
      </input_file>
      <input_file id="fl-148">
         <path>C:\ti\ccsv6\tools\compiler\ti-cgt-arm_5.2.5\lib\</path>
         <kind>archive</kind>
         <file>rtsv7M4_T_le_v4SPD16_eabi.lib</file>
         <name>pre_init.obj</name>
      </input_file>
      <input_file id="fl-149">
         <path>C:\ti\ccsv6\tools\compiler\ti-cgt-arm_5.2.5\lib\</path>
         <kind>archive</kind>
         <file>rtsv7M4_T_le_v4SPD16_eabi.lib</file>
         <name>stkdepth_vars.obj</name>
      </input_file>
      <input_file id="fl-14a">
         <path>C:\ti\ccsv6\tools\compiler\ti-cgt-arm_5.2.5\lib\</path>
         <kind>archive</kind>
         <file>rtsv7M4_T_le_v4SPD16_eabi.lib</file>
         <name>u_divt2.obj</name>
      </input_file>
      <input_file id="fl-14b">
         <path>C:\ti\ccsv6\tools\compiler\ti-cgt-arm_5.2.5\lib\</path>
         <kind>archive</kind>
         <file>rtsv7M4_T_le_v4SPD16_eabi.lib</file>
         <name>_lock.obj</name>
      </input_file>
      <input_file id="fl-14c">
         <path>C:\ti\ccsv6\tools\compiler\ti-cgt-arm_5.2.5\lib\</path>
         <kind>archive</kind>
         <file>rtsv7M4_T_le_v4SPD16_eabi.lib</file>
         <name>args_main.obj</name>
      </input_file>
      <input_file id="fl-14d">
         <path>C:\ti\ccsv6\tools\compiler\ti-cgt-arm_5.2.5\lib\</path>
         <kind>archive</kind>
         <file>rtsv7M4_T_le_v4SPD16_eabi.lib</file>
         <name>autoinit.obj</name>
      </input_file>
      <input_file id="fl-14e">
         <path>C:\ti\ccsv6\tools\compiler\ti-cgt-arm_5.2.5\lib\</path>
         <kind>archive</kind>
         <file>rtsv7M4_T_le_v4SPD16_eabi.lib</file>
         <name>cpy_tbl.obj</name>
      </input_file>
      <input_file id="fl-14f">
         <path>C:\ti\ccsv6\tools\compiler\ti-cgt-arm_5.2.5\lib\</path>
         <kind>archive</kind>
         <file>rtsv7M4_T_le_v4SPD16_eabi.lib</file>
         <name>i_div0.obj</name>
      </input_file>
      <input_file id="fl-150">
         <path>C:\ti\TivaWare_C_Series-2.1.1.71\driverlib\ccs\Debug\</path>
         <kind>archive</kind>
         <file>driverlib.lib</file>
         <name>udma.obj</name>
      </input_file>
      <input_file id="fl-151">
         <path>C:\ti\TivaWare_C_Series-2.1.1.71\driverlib\ccs\Debug\</path>
         <kind>archive</kind>
         <file>driverlib.lib</file>
         <name>usb.obj</name>
      </input_file>
   </input_file_list>
   <object_component_list>
      <object_component id="oc-f">
         <name>.intvecs</name>
         <load_address>0x0</load_address>
         <run_address>0x0</run_address>
         <size>0x26c</size>
         <input_file_ref idref="fl-3"/>
      </object_component>
      <object_component id="oc-30">
         <name>.text</name>
         <load_address>0x26c</load_address>
         <run_address>0x26c</run_address>
         <size>0x914</size>
         <input_file_ref idref="fl-4"/>
      </object_component>
      <object_component id="oc-d6">
         <name>.text</name>
         <load_address>0xb80</load_address>
         <run_address>0xb80</run_address>
         <size>0x38c</size>
         <input_file_ref idref="fl-2"/>
      </object_component>
      <object_component id="oc-39b">
         <name>.text:USBLibDMAInit</name>
         <load_address>0xf0c</load_address>
         <run_address>0xf0c</run_address>
         <size>0x170</size>
         <input_file_ref idref="fl-1b"/>
      </object_component>
      <object_component id="oc-231">
         <name>.text:USBDEP0StateTxConfig</name>
         <load_address>0x107c</load_address>
         <run_address>0x107c</run_address>
         <size>0x150</size>
         <input_file_ref idref="fl-18"/>
      </object_component>
      <object_component id="oc-ac">
         <name>.text:USBDeviceIntHandlerInternal</name>
         <load_address>0x11cc</load_address>
         <run_address>0x11cc</run_address>
         <size>0x150</size>
         <input_file_ref idref="fl-18"/>
      </object_component>
      <object_component id="oc-28f">
         <name>.text:USBDCDInit</name>
         <load_address>0x131c</load_address>
         <run_address>0x131c</run_address>
         <size>0x148</size>
         <input_file_ref idref="fl-18"/>
      </object_component>
      <object_component id="oc-5a7">
         <name>.text:USBDeviceConfig</name>
         <load_address>0x1464</load_address>
         <run_address>0x1464</run_address>
         <size>0x140</size>
         <input_file_ref idref="fl-1f"/>
      </object_component>
      <object_component id="oc-25d">
         <name>.text:GPIOPadConfigSet</name>
         <load_address>0x15a4</load_address>
         <run_address>0x15a4</run_address>
         <size>0x130</size>
         <input_file_ref idref="fl-c"/>
      </object_component>
      <object_component id="oc-16e">
         <name>.text:SysCtlClockGet</name>
         <load_address>0x16d4</load_address>
         <run_address>0x16d4</run_address>
         <size>0x10c</size>
         <input_file_ref idref="fl-f"/>
      </object_component>
      <object_component id="oc-14a">
         <name>.text:SysCtlClockSet</name>
         <load_address>0x17e0</load_address>
         <run_address>0x17e0</run_address>
         <size>0xf0</size>
         <input_file_ref idref="fl-f"/>
      </object_component>
      <object_component id="oc-534">
         <name>.text:iDMAUSBTransfer</name>
         <load_address>0x18d0</load_address>
         <run_address>0x18d0</run_address>
         <size>0xea</size>
         <input_file_ref idref="fl-1b"/>
      </object_component>
      <object_component id="oc-510">
         <name>.text:iDMAUSBArbSizeSet</name>
         <load_address>0x19ba</load_address>
         <run_address>0x19ba</run_address>
         <size>0x2</size>
         <input_file_ref idref="fl-1b"/>
      </object_component>
      <object_component id="oc-435">
         <name>.text:USBDGetDescriptor</name>
         <load_address>0x19bc</load_address>
         <run_address>0x19bc</run_address>
         <size>0xe4</size>
         <input_file_ref idref="fl-18"/>
      </object_component>
      <object_component id="oc-123">
         <name>.text:USBDeviceEnumHandler</name>
         <load_address>0x1aa0</load_address>
         <run_address>0x1aa0</run_address>
         <size>0xd8</size>
         <input_file_ref idref="fl-18"/>
      </object_component>
      <object_component id="oc-4c2">
         <name>.text:uDMAUSBChannelAllocate</name>
         <load_address>0x1b78</load_address>
         <run_address>0x1b78</run_address>
         <size>0xc0</size>
         <input_file_ref idref="fl-1b"/>
      </object_component>
      <object_component id="oc-3fa">
         <name>.text:HandleRxAvailable</name>
         <load_address>0x1c38</load_address>
         <run_address>0x1c38</run_address>
         <size>0xbc</size>
         <input_file_ref idref="fl-12"/>
      </object_component>
      <object_component id="oc-504">
         <name>.text:uDMAUSBTransfer</name>
         <load_address>0x1cf4</load_address>
         <run_address>0x1cf4</run_address>
         <size>0xba</size>
         <input_file_ref idref="fl-1b"/>
      </object_component>
      <object_component id="oc-3f">
         <name>.text</name>
         <load_address>0x1dae</load_address>
         <run_address>0x1dae</run_address>
         <size>0x9c</size>
         <input_file_ref idref="fl-146"/>
      </object_component>
      <object_component id="oc-54c">
         <name>.text:iDMAUSBUnitSizeSet</name>
         <load_address>0x1e4a</load_address>
         <run_address>0x1e4a</run_address>
         <size>0x2</size>
         <input_file_ref idref="fl-1b"/>
      </object_component>
      <object_component id="oc-453">
         <name>.text:USBDSetInterface</name>
         <load_address>0x1e4c</load_address>
         <run_address>0x1e4c</run_address>
         <size>0x98</size>
         <input_file_ref idref="fl-18"/>
      </object_component>
      <object_component id="oc-568">
         <name>.text:ScheduleNextTransmission</name>
         <load_address>0x1ee4</load_address>
         <run_address>0x1ee4</run_address>
         <size>0x94</size>
         <input_file_ref idref="fl-12"/>
      </object_component>
      <object_component id="oc-447">
         <name>.text:USBDSetConfiguration</name>
         <load_address>0x1f78</load_address>
         <run_address>0x1f78</run_address>
         <size>0x8c</size>
         <input_file_ref idref="fl-18"/>
      </object_component>
      <object_component id="oc-5bb">
         <name>.text:USBDeviceConfigAlternate</name>
         <load_address>0x2004</load_address>
         <run_address>0x2004</run_address>
         <size>0x8c</size>
         <input_file_ref idref="fl-1f"/>
      </object_component>
      <object_component id="oc-516">
         <name>.text:iDMAUSBChannelAllocate</name>
         <load_address>0x2090</load_address>
         <run_address>0x2090</run_address>
         <size>0x84</size>
         <input_file_ref idref="fl-1b"/>
      </object_component>
      <object_component id="oc-62e">
         <name>.text:uDMAChannelTransferSet</name>
         <load_address>0x2114</load_address>
         <run_address>0x2114</run_address>
         <size>0x84</size>
         <input_file_ref idref="fl-150"/>
      </object_component>
      <object_component id="oc-423">
         <name>.text:USBDClearFeature</name>
         <load_address>0x2198</load_address>
         <run_address>0x2198</run_address>
         <size>0x7c</size>
         <input_file_ref idref="fl-18"/>
      </object_component>
      <object_component id="oc-6af">
         <name>.text:USBDevEndpointConfigSet</name>
         <load_address>0x2214</load_address>
         <run_address>0x2214</run_address>
         <size>0x7a</size>
         <input_file_ref idref="fl-151"/>
      </object_component>
      <object_component id="oc-58">
         <name>.text</name>
         <load_address>0x228e</load_address>
         <run_address>0x228e</run_address>
         <size>0x7a</size>
         <input_file_ref idref="fl-147"/>
      </object_component>
      <object_component id="oc-41d">
         <name>.text:USBDGetStatus</name>
         <load_address>0x2308</load_address>
         <run_address>0x2308</run_address>
         <size>0x74</size>
         <input_file_ref idref="fl-18"/>
      </object_component>
      <object_component id="oc-2c5">
         <name>.text:USBDBulkPacketRead</name>
         <load_address>0x237c</load_address>
         <run_address>0x237c</run_address>
         <size>0x72</size>
         <input_file_ref idref="fl-17"/>
      </object_component>
      <object_component id="oc-4bc">
         <name>.text:uDMAUSBArbSizeSet</name>
         <load_address>0x23ee</load_address>
         <run_address>0x23ee</run_address>
         <size>0x72</size>
         <input_file_ref idref="fl-1b"/>
      </object_component>
      <object_component id="oc-289">
         <name>.text:USBDBulkCompositeInit</name>
         <load_address>0x2460</load_address>
         <run_address>0x2460</run_address>
         <size>0x70</size>
         <input_file_ref idref="fl-17"/>
      </object_component>
      <object_component id="oc-237">
         <name>.text:USBDEP0StateTx</name>
         <load_address>0x24d0</load_address>
         <run_address>0x24d0</run_address>
         <size>0x70</size>
         <input_file_ref idref="fl-18"/>
      </object_component>
      <object_component id="oc-50a">
         <name>.text:uDMAUSBUnitSizeSet</name>
         <load_address>0x2540</load_address>
         <run_address>0x2540</run_address>
         <size>0x70</size>
         <input_file_ref idref="fl-1b"/>
      </object_component>
      <object_component id="oc-6a">
         <name>.text</name>
         <load_address>0x25b0</load_address>
         <run_address>0x25b0</run_address>
         <size>0x6c</size>
         <input_file_ref idref="fl-14d"/>
      </object_component>
      <object_component id="oc-4b">
         <name>.text</name>
         <load_address>0x261c</load_address>
         <run_address>0x261c</run_address>
         <size>0x6a</size>
         <input_file_ref idref="fl-143"/>
      </object_component>
      <object_component id="oc-f4">
         <name>.text</name>
         <load_address>0x2686</load_address>
         <run_address>0x2686</run_address>
         <size>0x2</size>
         <input_file_ref idref="fl-14f"/>
      </object_component>
      <object_component id="oc-607">
         <name>.text:IntDisable</name>
         <load_address>0x2688</load_address>
         <run_address>0x2688</run_address>
         <size>0x68</size>
         <input_file_ref idref="fl-d"/>
      </object_component>
      <object_component id="oc-3b3">
         <name>.text:IntEnable</name>
         <load_address>0x26f0</load_address>
         <run_address>0x26f0</run_address>
         <size>0x68</size>
         <input_file_ref idref="fl-d"/>
      </object_component>
      <object_component id="oc-429">
         <name>.text:USBDSetFeature</name>
         <load_address>0x2758</load_address>
         <run_address>0x2758</run_address>
         <size>0x68</size>
         <input_file_ref idref="fl-18"/>
      </object_component>
      <object_component id="oc-601">
         <name>.text:IntIsEnabled</name>
         <load_address>0x27c0</load_address>
         <run_address>0x27c0</run_address>
         <size>0x64</size>
         <input_file_ref idref="fl-d"/>
      </object_component>
      <object_component id="oc-4ce">
         <name>.text:uDMAUSBChannelEnable</name>
         <load_address>0x2824</load_address>
         <run_address>0x2824</run_address>
         <size>0x64</size>
         <input_file_ref idref="fl-1b"/>
      </object_component>
      <object_component id="oc-48d">
         <name>.text:HandleDevice</name>
         <load_address>0x2888</load_address>
         <run_address>0x2888</run_address>
         <size>0x60</size>
         <input_file_ref idref="fl-17"/>
      </object_component>
      <object_component id="oc-5c9">
         <name>.text:ProcessDataFromHost</name>
         <load_address>0x28e8</load_address>
         <run_address>0x28e8</run_address>
         <size>0x60</size>
         <input_file_ref idref="fl-17"/>
      </object_component>
      <object_component id="oc-2d3">
         <name>.text:USBBufferEventCallback</name>
         <load_address>0x2948</load_address>
         <run_address>0x2948</run_address>
         <size>0x60</size>
         <input_file_ref idref="fl-12"/>
      </object_component>
      <object_component id="oc-22b">
         <name>.text:USBDReadAndDispatchRequest</name>
         <load_address>0x29a8</load_address>
         <run_address>0x29a8</run_address>
         <size>0x60</size>
         <input_file_ref idref="fl-18"/>
      </object_component>
      <object_component id="oc-213">
         <name>.text:USBDevEndpointStatusClear</name>
         <load_address>0x2a08</load_address>
         <run_address>0x2a08</run_address>
         <size>0x5e</size>
         <input_file_ref idref="fl-151"/>
      </object_component>
      <object_component id="oc-4e0">
         <name>.text:uDMAUSBChannelRelease</name>
         <load_address>0x2a66</load_address>
         <run_address>0x2a66</run_address>
         <size>0x56</size>
         <input_file_ref idref="fl-1b"/>
      </object_component>
      <object_component id="oc-2b4">
         <name>.text:USBDBulkPacketWrite</name>
         <load_address>0x2abc</load_address>
         <run_address>0x2abc</run_address>
         <size>0x54</size>
         <input_file_ref idref="fl-17"/>
      </object_component>
      <object_component id="oc-371">
         <name>.text:ULPIConfigSet</name>
         <load_address>0x2b10</load_address>
         <run_address>0x2b10</run_address>
         <size>0x52</size>
         <input_file_ref idref="fl-1c"/>
      </object_component>
      <object_component id="oc-4da">
         <name>.text:uDMAUSBChannelIntDisable</name>
         <load_address>0x2b62</load_address>
         <run_address>0x2b62</run_address>
         <size>0x2</size>
         <input_file_ref idref="fl-1b"/>
      </object_component>
      <object_component id="oc-359">
         <name>.text:SysCtlPeripheralReset</name>
         <load_address>0x2b64</load_address>
         <run_address>0x2b64</run_address>
         <size>0x50</size>
         <input_file_ref idref="fl-f"/>
      </object_component>
      <object_component id="oc-69d">
         <name>.text:USBDCDConfigDescGet</name>
         <load_address>0x2bb4</load_address>
         <run_address>0x2bb4</run_address>
         <size>0x50</size>
         <input_file_ref idref="fl-1e"/>
      </object_component>
      <object_component id="oc-105">
         <name>.text:USBDeviceResumeTickHandler</name>
         <load_address>0x2c04</load_address>
         <run_address>0x2c04</run_address>
         <size>0x50</size>
         <input_file_ref idref="fl-18"/>
      </object_component>
      <object_component id="oc-24">
         <name>.text</name>
         <load_address>0x2c54</load_address>
         <run_address>0x2c54</run_address>
         <size>0x50</size>
         <input_file_ref idref="fl-141"/>
      </object_component>
      <object_component id="oc-595">
         <name>.text:USBDevEndpointStallClear</name>
         <load_address>0x2ca4</load_address>
         <run_address>0x2ca4</run_address>
         <size>0x4e</size>
         <input_file_ref idref="fl-151"/>
      </object_component>
      <object_component id="oc-6ca">
         <name>.text:ConfigAlternateInterfaceGet</name>
         <load_address>0x2cf2</load_address>
         <run_address>0x2cf2</run_address>
         <size>0x4c</size>
         <input_file_ref idref="fl-1e"/>
      </object_component>
      <object_component id="oc-6a9">
         <name>.text:GetEPDescriptorType</name>
         <load_address>0x2d3e</load_address>
         <run_address>0x2d3e</run_address>
         <size>0x4c</size>
         <input_file_ref idref="fl-1f"/>
      </object_component>
      <object_component id="oc-63a">
         <name>.text:USBEndpointDMAConfigSet</name>
         <load_address>0x2d8a</load_address>
         <run_address>0x2d8a</run_address>
         <size>0x4c</size>
         <input_file_ref idref="fl-151"/>
      </object_component>
      <object_component id="oc-4d4">
         <name>.text:uDMAUSBChannelIntEnable</name>
         <load_address>0x2dd6</load_address>
         <run_address>0x2dd6</run_address>
         <size>0x2</size>
         <input_file_ref idref="fl-1b"/>
      </object_component>
      <object_component id="oc-ce">
         <name>.text</name>
         <load_address>0x2dd8</load_address>
         <run_address>0x2dd8</run_address>
         <size>0x4c</size>
         <input_file_ref idref="fl-14e"/>
      </object_component>
      <object_component id="oc-540">
         <name>.text:iDMAUSBChannelEnable</name>
         <load_address>0x2e24</load_address>
         <run_address>0x2e24</run_address>
         <size>0x4a</size>
         <input_file_ref idref="fl-1b"/>
      </object_component>
      <object_component id="oc-4c8">
         <name>.text:uDMAUSBChannelDisable</name>
         <load_address>0x2e6e</load_address>
         <run_address>0x2e6e</run_address>
         <size>0x4a</size>
         <input_file_ref idref="fl-1b"/>
      </object_component>
      <object_component id="oc-168">
         <name>.text:GPIOPinConfigure</name>
         <load_address>0x2eb8</load_address>
         <run_address>0x2eb8</run_address>
         <size>0x48</size>
         <input_file_ref idref="fl-c"/>
      </object_component>
      <object_component id="oc-59e">
         <name>.text:USBDStringIndexFromRequest</name>
         <load_address>0x2f00</load_address>
         <run_address>0x2f00</run_address>
         <size>0x48</size>
         <input_file_ref idref="fl-18"/>
      </object_component>
      <object_component id="oc-ff">
         <name>.text:USBDeviceEnumResetHandler</name>
         <load_address>0x2f48</load_address>
         <run_address>0x2f48</run_address>
         <size>0x48</size>
         <input_file_ref idref="fl-18"/>
      </object_component>
      <object_component id="oc-5ed">
         <name>.text:uDMAChannelAttributeDisable</name>
         <load_address>0x2f90</load_address>
         <run_address>0x2f90</run_address>
         <size>0x48</size>
         <input_file_ref idref="fl-150"/>
      </object_component>
      <object_component id="oc-19e">
         <name>.text:USBDBulkInit</name>
         <load_address>0x2fd8</load_address>
         <run_address>0x2fd8</run_address>
         <size>0x44</size>
         <input_file_ref idref="fl-17"/>
      </object_component>
      <object_component id="oc-33a">
         <name>.text:USBDCDDeviceInfoInit</name>
         <load_address>0x301c</load_address>
         <run_address>0x301c</run_address>
         <size>0x44</size>
         <input_file_ref idref="fl-18"/>
      </object_component>
      <object_component id="oc-44d">
         <name>.text:USBDGetInterface</name>
         <load_address>0x3060</load_address>
         <run_address>0x3060</run_address>
         <size>0x44</size>
         <input_file_ref idref="fl-18"/>
      </object_component>
      <object_component id="oc-21f">
         <name>.text:USBEndpointDataGet</name>
         <load_address>0x30a4</load_address>
         <run_address>0x30a4</run_address>
         <size>0x44</size>
         <input_file_ref idref="fl-151"/>
      </object_component>
      <object_component id="oc-76">
         <name>.text</name>
         <load_address>0x30e8</load_address>
         <run_address>0x30e8</run_address>
         <size>0x44</size>
         <input_file_ref idref="fl-145"/>
      </object_component>
      <object_component id="oc-90">
         <name>.text</name>
         <load_address>0x312c</load_address>
         <run_address>0x312c</run_address>
         <size>0x40</size>
         <input_file_ref idref="fl-14a"/>
      </object_component>
      <object_component id="oc-53a">
         <name>.text:iDMAUSBChannelRelease</name>
         <load_address>0x316c</load_address>
         <run_address>0x316c</run_address>
         <size>0x3c</size>
         <input_file_ref idref="fl-1b"/>
      </object_component>
      <object_component id="oc-6a3">
         <name>.text:USBDCDConfigGetInterfaceEndpoint</name>
         <load_address>0x31a8</load_address>
         <run_address>0x31a8</run_address>
         <size>0x3a</size>
         <input_file_ref idref="fl-1e"/>
      </object_component>
      <object_component id="oc-6bb">
         <name>.text:USBFIFOConfigSet</name>
         <load_address>0x31e2</load_address>
         <run_address>0x31e2</run_address>
         <size>0x3a</size>
         <input_file_ref idref="fl-151"/>
      </object_component>
      <object_component id="oc-346">
         <name>.text:InternalUSBRegisterTickHandler</name>
         <load_address>0x321c</load_address>
         <run_address>0x321c</run_address>
         <size>0x38</size>
         <input_file_ref idref="fl-15"/>
      </object_component>
      <object_component id="oc-a6">
         <name>.text:USBIntStatusControl</name>
         <load_address>0x3254</load_address>
         <run_address>0x3254</run_address>
         <size>0x38</size>
         <input_file_ref idref="fl-151"/>
      </object_component>
      <object_component id="oc-576">
         <name>.text:USBRingBufAdvanceWrite</name>
         <load_address>0x328c</load_address>
         <run_address>0x328c</run_address>
         <size>0x38</size>
         <input_file_ref idref="fl-14"/>
      </object_component>
      <object_component id="oc-487">
         <name>.text:HandleEndpoints</name>
         <load_address>0x32c4</load_address>
         <run_address>0x32c4</run_address>
         <size>0x36</size>
         <input_file_ref idref="fl-17"/>
      </object_component>
      <object_component id="oc-10b">
         <name>.text:InternalUSBStartOfFrameTick</name>
         <load_address>0x32fc</load_address>
         <run_address>0x32fc</run_address>
         <size>0x34</size>
         <input_file_ref idref="fl-15"/>
      </object_component>
      <object_component id="oc-156">
         <name>.text:SysCtlPeripheralEnable</name>
         <load_address>0x3330</load_address>
         <run_address>0x3330</run_address>
         <size>0x34</size>
         <input_file_ref idref="fl-f"/>
      </object_component>
      <object_component id="oc-51c">
         <name>.text:iDMAUSBChannelStatus</name>
         <load_address>0x3364</load_address>
         <run_address>0x3364</run_address>
         <size>0x34</size>
         <input_file_ref idref="fl-1b"/>
      </object_component>
      <object_component id="oc-6f5">
         <name>.text:NextConfigDescGet</name>
         <load_address>0x3398</load_address>
         <run_address>0x3398</run_address>
         <size>0x32</size>
         <input_file_ref idref="fl-1e"/>
      </object_component>
      <object_component id="oc-5cf">
         <name>.text:ProcessDataToHost</name>
         <load_address>0x33ca</load_address>
         <run_address>0x33ca</run_address>
         <size>0x32</size>
         <input_file_ref idref="fl-17"/>
      </object_component>
      <object_component id="oc-414">
         <name>.text:USBDevEndpointStall</name>
         <load_address>0x33fc</load_address>
         <run_address>0x33fc</run_address>
         <size>0x32</size>
         <input_file_ref idref="fl-151"/>
      </object_component>
      <object_component id="oc-546">
         <name>.text:iDMAUSBChannelDisable</name>
         <load_address>0x342e</load_address>
         <run_address>0x342e</run_address>
         <size>0x32</size>
         <input_file_ref idref="fl-1b"/>
      </object_component>
      <object_component id="oc-4ec">
         <name>.text:DMAUSBIntHandler</name>
         <load_address>0x3460</load_address>
         <run_address>0x3460</run_address>
         <size>0x30</size>
         <input_file_ref idref="fl-1b"/>
      </object_component>
      <object_component id="oc-340">
         <name>.text:InternalUSBTickInit</name>
         <load_address>0x3490</load_address>
         <run_address>0x3490</run_address>
         <size>0x30</size>
         <input_file_ref idref="fl-15"/>
      </object_component>
      <object_component id="oc-441">
         <name>.text:USBDGetConfiguration</name>
         <load_address>0x34c0</load_address>
         <run_address>0x34c0</run_address>
         <size>0x30</size>
         <input_file_ref idref="fl-18"/>
      </object_component>
      <object_component id="oc-309">
         <name>.text:USBEndpointDataPut</name>
         <load_address>0x34f0</load_address>
         <run_address>0x34f0</run_address>
         <size>0x30</size>
         <input_file_ref idref="fl-151"/>
      </object_component>
      <object_component id="oc-3cf">
         <name>.text:UpdateIndexAtomic</name>
         <load_address>0x3520</load_address>
         <run_address>0x3520</run_address>
         <size>0x30</size>
         <input_file_ref idref="fl-14"/>
      </object_component>
      <object_component id="oc-30f">
         <name>.text:USBEndpointDataSend</name>
         <load_address>0x3550</load_address>
         <run_address>0x3550</run_address>
         <size>0x2e</size>
         <input_file_ref idref="fl-151"/>
      </object_component>
      <object_component id="oc-6ee">
         <name>.text:USBDescGet</name>
         <load_address>0x357e</load_address>
         <run_address>0x357e</run_address>
         <size>0x2c</size>
         <input_file_ref idref="fl-1a"/>
      </object_component>
      <object_component id="oc-4f2">
         <name>.text:uDMAUSBIntStatus</name>
         <load_address>0x35aa</load_address>
         <run_address>0x35aa</run_address>
         <size>0x2c</size>
         <input_file_ref idref="fl-1b"/>
      </object_component>
      <object_component id="oc-263">
         <name>.text:GPIODirModeSet</name>
         <load_address>0x35d6</load_address>
         <run_address>0x35d6</run_address>
         <size>0x2a</size>
         <input_file_ref idref="fl-c"/>
      </object_component>
      <object_component id="oc-3f4">
         <name>.text:HandleRequestBuffer</name>
         <load_address>0x3600</load_address>
         <run_address>0x3600</run_address>
         <size>0x2a</size>
         <input_file_ref idref="fl-12"/>
      </object_component>
      <object_component id="oc-5af">
         <name>.text:USBDCDConfigDescGetNum</name>
         <load_address>0x362a</load_address>
         <run_address>0x362a</run_address>
         <size>0x2a</size>
         <input_file_ref idref="fl-1e"/>
      </object_component>
      <object_component id="oc-42f">
         <name>.text:USBDSetAddress</name>
         <load_address>0x3654</load_address>
         <run_address>0x3654</run_address>
         <size>0x28</size>
         <input_file_ref idref="fl-18"/>
      </object_component>
      <object_component id="oc-6c3">
         <name>.text:USBDescGetNum</name>
         <load_address>0x367c</load_address>
         <run_address>0x367c</run_address>
         <size>0x28</size>
         <input_file_ref idref="fl-1a"/>
      </object_component>
      <object_component id="oc-3a1">
         <name>.text:USBIntEnableControl</name>
         <load_address>0x36a4</load_address>
         <run_address>0x36a4</run_address>
         <size>0x28</size>
         <input_file_ref idref="fl-151"/>
      </object_component>
      <object_component id="oc-61f">
         <name>.text:uDMAChannelModeGet</name>
         <load_address>0x36cc</load_address>
         <run_address>0x36cc</run_address>
         <size>0x28</size>
         <input_file_ref idref="fl-150"/>
      </object_component>
      <object_component id="oc-352">
         <name>.text:BulkTickHandler</name>
         <load_address>0x36f4</load_address>
         <run_address>0x36f4</run_address>
         <size>0x24</size>
         <input_file_ref idref="fl-17"/>
      </object_component>
      <object_component id="oc-46f">
         <name>.text:HandleConfigChange</name>
         <load_address>0x3718</load_address>
         <run_address>0x3718</run_address>
         <size>0x24</size>
         <input_file_ref idref="fl-17"/>
      </object_component>
      <object_component id="oc-225">
         <name>.text:USBDevEndpointDataAck</name>
         <load_address>0x373c</load_address>
         <run_address>0x373c</run_address>
         <size>0x24</size>
         <input_file_ref idref="fl-151"/>
      </object_component>
      <object_component id="oc-5f3">
         <name>.text:USBEndpointDMADisable</name>
         <load_address>0x3760</load_address>
         <run_address>0x3760</run_address>
         <size>0x24</size>
         <input_file_ref idref="fl-151"/>
      </object_component>
      <object_component id="oc-60d">
         <name>.text:USBEndpointDMAEnable</name>
         <load_address>0x3784</load_address>
         <run_address>0x3784</run_address>
         <size>0x24</size>
         <input_file_ref idref="fl-151"/>
      </object_component>
      <object_component id="oc-5e0">
         <name>.text:uDMAChannelControlSet</name>
         <load_address>0x37a8</load_address>
         <run_address>0x37a8</run_address>
         <size>0x24</size>
         <input_file_ref idref="fl-150"/>
      </object_component>
      <object_component id="oc-174">
         <name>.text:PWMGenConfigure</name>
         <load_address>0x37cc</load_address>
         <run_address>0x37cc</run_address>
         <size>0x22</size>
         <input_file_ref idref="fl-e"/>
      </object_component>
      <object_component id="oc-2cb">
         <name>.text:USBDBulkRxPacketAvailable</name>
         <load_address>0x37ee</load_address>
         <run_address>0x37ee</run_address>
         <size>0x22</size>
         <input_file_ref idref="fl-17"/>
      </object_component>
      <object_component id="oc-4e6">
         <name>.text:uDMAUSBChannelStatus</name>
         <load_address>0x3810</load_address>
         <run_address>0x3810</run_address>
         <size>0x22</size>
         <input_file_ref idref="fl-1b"/>
      </object_component>
      <object_component id="oc-6b5">
         <name>.text:GetEndpointFIFOSize</name>
         <load_address>0x3832</load_address>
         <run_address>0x3832</run_address>
         <size>0x20</size>
         <input_file_ref idref="fl-1f"/>
      </object_component>
      <object_component id="oc-3e8">
         <name>.text:HandleDataRemaining</name>
         <load_address>0x3852</load_address>
         <run_address>0x3852</run_address>
         <size>0x20</size>
         <input_file_ref idref="fl-12"/>
      </object_component>
      <object_component id="oc-481">
         <name>.text:HandleDisconnect</name>
         <load_address>0x3872</load_address>
         <run_address>0x3872</run_address>
         <size>0x20</size>
         <input_file_ref idref="fl-17"/>
      </object_component>
      <object_component id="oc-2ab">
         <name>.text:USBRingBufAdvanceRead</name>
         <load_address>0x3892</load_address>
         <run_address>0x3892</run_address>
         <size>0x20</size>
         <input_file_ref idref="fl-14"/>
      </object_component>
      <object_component id="oc-198">
         <name>.text:USBStackModeSet</name>
         <load_address>0x38b4</load_address>
         <run_address>0x38b4</run_address>
         <size>0x20</size>
         <input_file_ref idref="fl-13"/>
      </object_component>
      <object_component id="oc-180">
         <name>.text:PWMPulseWidthSet</name>
         <load_address>0x38d4</load_address>
         <run_address>0x38d4</run_address>
         <size>0x1e</size>
         <input_file_ref idref="fl-e"/>
      </object_component>
      <object_component id="oc-49f">
         <name>.text:USBULPIRegRead</name>
         <load_address>0x38f2</load_address>
         <run_address>0x38f2</run_address>
         <size>0x1e</size>
         <input_file_ref idref="fl-151"/>
      </object_component>
      <object_component id="oc-4a5">
         <name>.text:USBULPIRegWrite</name>
         <load_address>0x3910</load_address>
         <run_address>0x3910</run_address>
         <size>0x1e</size>
         <input_file_ref idref="fl-151"/>
      </object_component>
      <object_component id="oc-5b5">
         <name>.text:USBDCDConfigGetInterface</name>
         <load_address>0x392e</load_address>
         <run_address>0x392e</run_address>
         <size>0x1c</size>
         <input_file_ref idref="fl-1e"/>
      </object_component>
      <object_component id="oc-2f6">
         <name>.text:USBDCDStallEP0</name>
         <load_address>0x394c</load_address>
         <run_address>0x394c</run_address>
         <size>0x1c</size>
         <input_file_ref idref="fl-18"/>
      </object_component>
      <object_component id="oc-3da">
         <name>.text:USBEndpointDataAvail</name>
         <load_address>0x3968</load_address>
         <run_address>0x3968</run_address>
         <size>0x1c</size>
         <input_file_ref idref="fl-151"/>
      </object_component>
      <object_component id="oc-56f">
         <name>.text:USBRingBufContigFree</name>
         <load_address>0x3984</load_address>
         <run_address>0x3984</run_address>
         <size>0x1c</size>
         <input_file_ref idref="fl-14"/>
      </object_component>
      <object_component id="oc-5e7">
         <name>.text:USBEndpointDMAChannel</name>
         <load_address>0x39a0</load_address>
         <run_address>0x39a0</run_address>
         <size>0x1a</size>
         <input_file_ref idref="fl-151"/>
      </object_component>
      <object_component id="oc-582">
         <name>.text:USBRingBufWrite</name>
         <load_address>0x39ba</load_address>
         <run_address>0x39ba</run_address>
         <size>0x1a</size>
         <input_file_ref idref="fl-14"/>
      </object_component>
      <object_component id="oc-15c">
         <name>.text:GPIOPinTypeGPIOOutput</name>
         <load_address>0x39d4</load_address>
         <run_address>0x39d4</run_address>
         <size>0x18</size>
         <input_file_ref idref="fl-c"/>
      </object_component>
      <object_component id="oc-3e0">
         <name>.text:SetDeferredOpFlag</name>
         <load_address>0x39ec</load_address>
         <run_address>0x39ec</run_address>
         <size>0x18</size>
         <input_file_ref idref="fl-17"/>
      </object_component>
      <object_component id="oc-36">
         <name>.text:USB0DeviceIntHandler</name>
         <load_address>0x3a04</load_address>
         <run_address>0x3a04</run_address>
         <size>0x18</size>
         <input_file_ref idref="fl-19"/>
      </object_component>
      <object_component id="oc-192">
         <name>.text:USBBufferInit</name>
         <load_address>0x3a1c</load_address>
         <run_address>0x3a1c</run_address>
         <size>0x18</size>
         <input_file_ref idref="fl-12"/>
      </object_component>
      <object_component id="oc-303">
         <name>.text:USBDCDConfigDescGetSize</name>
         <load_address>0x3a34</load_address>
         <run_address>0x3a34</run_address>
         <size>0x18</size>
         <input_file_ref idref="fl-1e"/>
      </object_component>
      <object_component id="oc-43b">
         <name>.text:USBDSetDescriptor</name>
         <load_address>0x3a4c</load_address>
         <run_address>0x3a4c</run_address>
         <size>0x18</size>
         <input_file_ref idref="fl-18"/>
      </object_component>
      <object_component id="oc-459">
         <name>.text:USBDSyncFrame</name>
         <load_address>0x3a64</load_address>
         <run_address>0x3a64</run_address>
         <size>0x18</size>
         <input_file_ref idref="fl-18"/>
      </object_component>
      <object_component id="oc-70">
         <name>.text</name>
         <load_address>0x3a7c</load_address>
         <run_address>0x3a7c</run_address>
         <size>0x18</size>
         <input_file_ref idref="fl-14c"/>
      </object_component>
      <object_component id="oc-5fa">
         <name>.text:uDMAChannelDisable</name>
         <load_address>0x3a94</load_address>
         <run_address>0x3a94</run_address>
         <size>0x18</size>
         <input_file_ref idref="fl-150"/>
      </object_component>
      <object_component id="oc-613">
         <name>.text:uDMAChannelEnable</name>
         <load_address>0x3aac</load_address>
         <run_address>0x3aac</run_address>
         <size>0x18</size>
         <input_file_ref idref="fl-150"/>
      </object_component>
      <object_component id="oc-2a4">
         <name>.text:USBRingBufFlush</name>
         <load_address>0x3ac4</load_address>
         <run_address>0x3ac4</run_address>
         <size>0x16</size>
         <input_file_ref idref="fl-14"/>
      </object_component>
      <object_component id="oc-3c9">
         <name>.text:USBRingBufUsed</name>
         <load_address>0x3ada</load_address>
         <run_address>0x3ada</run_address>
         <size>0x16</size>
         <input_file_ref idref="fl-14"/>
      </object_component>
      <object_component id="oc-3ee">
         <name>.text:HandleTxComplete</name>
         <load_address>0x3af0</load_address>
         <run_address>0x3af0</run_address>
         <size>0x14</size>
         <input_file_ref idref="fl-12"/>
      </object_component>
      <object_component id="oc-150">
         <name>.text:SysCtlPWMClockSet</name>
         <load_address>0x3b04</load_address>
         <run_address>0x3b04</run_address>
         <size>0x14</size>
         <input_file_ref idref="fl-f"/>
      </object_component>
      <object_component id="oc-35f">
         <name>.text:SysCtlUSBPLLEnable</name>
         <load_address>0x3b18</load_address>
         <run_address>0x3b18</run_address>
         <size>0x14</size>
         <input_file_ref idref="fl-f"/>
      </object_component>
      <object_component id="oc-672">
         <name>.text:USBDMAChannelConfigSet</name>
         <load_address>0x3b2c</load_address>
         <run_address>0x3b2c</run_address>
         <size>0x14</size>
         <input_file_ref idref="fl-151"/>
      </object_component>
      <object_component id="oc-1fe">
         <name>.text:USBHostResume</name>
         <load_address>0x3b40</load_address>
         <run_address>0x3b40</run_address>
         <size>0x14</size>
         <input_file_ref idref="fl-151"/>
      </object_component>
      <object_component id="oc-3a7">
         <name>.text:USBIntEnableEndpoint</name>
         <load_address>0x3b54</load_address>
         <run_address>0x3b54</run_address>
         <size>0x14</size>
         <input_file_ref idref="fl-151"/>
      </object_component>
      <object_component id="oc-6ff">
         <name>.text:_USBIndexWrite</name>
         <load_address>0x3b68</load_address>
         <run_address>0x3b68</run_address>
         <size>0x14</size>
         <input_file_ref idref="fl-151"/>
      </object_component>
      <object_component id="oc-1db">
         <name>.text</name>
         <load_address>0x3b7c</load_address>
         <run_address>0x3b7c</run_address>
         <size>0x14</size>
         <input_file_ref idref="fl-14b"/>
      </object_component>
      <object_component id="oc-162">
         <name>.text:GPIOPinTypePWM</name>
         <load_address>0x3b90</load_address>
         <run_address>0x3b90</run_address>
         <size>0x12</size>
         <input_file_ref idref="fl-c"/>
      </object_component>
      <object_component id="oc-47b">
         <name>.text:HandleResume</name>
         <load_address>0x3ba2</load_address>
         <run_address>0x3ba2</run_address>
         <size>0x12</size>
         <input_file_ref idref="fl-17"/>
      </object_component>
      <object_component id="oc-475">
         <name>.text:HandleSuspend</name>
         <load_address>0x3bb4</load_address>
         <run_address>0x3bb4</run_address>
         <size>0x12</size>
         <input_file_ref idref="fl-17"/>
      </object_component>
      <object_component id="oc-186">
         <name>.text:PWMOutputState</name>
         <load_address>0x3bc6</load_address>
         <run_address>0x3bc6</run_address>
         <size>0x12</size>
         <input_file_ref idref="fl-e"/>
      </object_component>
      <object_component id="oc-643">
         <name>.text:USBDMAChannelDisable</name>
         <load_address>0x3bd8</load_address>
         <run_address>0x3bd8</run_address>
         <size>0x12</size>
         <input_file_ref idref="fl-151"/>
      </object_component>
      <object_component id="oc-678">
         <name>.text:USBDMAChannelEnable</name>
         <load_address>0x3bea</load_address>
         <run_address>0x3bea</run_address>
         <size>0x12</size>
         <input_file_ref idref="fl-151"/>
      </object_component>
      <object_component id="oc-65f">
         <name>.text:USBDMAChannelIntDisable</name>
         <load_address>0x3bfc</load_address>
         <run_address>0x3bfc</run_address>
         <size>0x12</size>
         <input_file_ref idref="fl-151"/>
      </object_component>
      <object_component id="oc-658">
         <name>.text:USBDMAChannelIntEnable</name>
         <load_address>0x3c0e</load_address>
         <run_address>0x3c0e</run_address>
         <size>0x12</size>
         <input_file_ref idref="fl-151"/>
      </object_component>
      <object_component id="oc-57c">
         <name>.text:USBRingBufFree</name>
         <load_address>0x3c20</load_address>
         <run_address>0x3c20</run_address>
         <size>0x12</size>
         <input_file_ref idref="fl-14"/>
      </object_component>
      <object_component id="oc-3c2">
         <name>.text:IntMasterDisable</name>
         <load_address>0x3c32</load_address>
         <run_address>0x3c32</run_address>
         <size>0x10</size>
         <input_file_ref idref="fl-d"/>
      </object_component>
      <object_component id="oc-1a4">
         <name>.text:IntMasterEnable</name>
         <load_address>0x3c42</load_address>
         <run_address>0x3c42</run_address>
         <size>0x10</size>
         <input_file_ref idref="fl-d"/>
      </object_component>
      <object_component id="oc-17a">
         <name>.text:PWMGenPeriodSet</name>
         <load_address>0x3c52</load_address>
         <run_address>0x3c52</run_address>
         <size>0x10</size>
         <input_file_ref idref="fl-e"/>
      </object_component>
      <object_component id="oc-20d">
         <name>.text:USBEndpointStatus</name>
         <load_address>0x3c62</load_address>
         <run_address>0x3c62</run_address>
         <size>0x10</size>
         <input_file_ref idref="fl-151"/>
      </object_component>
      <object_component id="oc-68a">
         <name>.text:USBRingBufContigUsed</name>
         <load_address>0x3c72</load_address>
         <run_address>0x3c72</run_address>
         <size>0x10</size>
         <input_file_ref idref="fl-14"/>
      </object_component>
      <object_component id="oc-694">
         <name>.text:USBRingBufWriteOne</name>
         <load_address>0x3c82</load_address>
         <run_address>0x3c82</run_address>
         <size>0x10</size>
         <input_file_ref idref="fl-14"/>
      </object_component>
      <object_component id="oc-4f8">
         <name>.text:DMAUSBIntStatusClear</name>
         <load_address>0x3c92</load_address>
         <run_address>0x3c92</run_address>
         <size>0xe</size>
         <input_file_ref idref="fl-1b"/>
      </object_component>
      <object_component id="oc-2ba">
         <name>.text:USBDBulkTxPacketAvailable</name>
         <load_address>0x3ca0</load_address>
         <run_address>0x3ca0</run_address>
         <size>0xe</size>
         <input_file_ref idref="fl-17"/>
      </object_component>
      <object_component id="oc-64a">
         <name>.text:USBDMAChannelStatus</name>
         <load_address>0x3cae</load_address>
         <run_address>0x3cae</run_address>
         <size>0xe</size>
         <input_file_ref idref="fl-151"/>
      </object_component>
      <object_component id="oc-389">
         <name>.text:USBDevLPMDisable</name>
         <load_address>0x3cbc</load_address>
         <run_address>0x3cbc</run_address>
         <size>0xe</size>
         <input_file_ref idref="fl-151"/>
      </object_component>
      <object_component id="oc-117">
         <name>.text:USBDevLPMEnable</name>
         <load_address>0x3cca</load_address>
         <run_address>0x3cca</run_address>
         <size>0xe</size>
         <input_file_ref idref="fl-151"/>
      </object_component>
      <object_component id="oc-377">
         <name>.text:USBULPIDisable</name>
         <load_address>0x3cd8</load_address>
         <run_address>0x3cd8</run_address>
         <size>0xe</size>
         <input_file_ref idref="fl-151"/>
      </object_component>
      <object_component id="oc-36b">
         <name>.text:USBULPIEnable</name>
         <load_address>0x3ce6</load_address>
         <run_address>0x3ce6</run_address>
         <size>0xe</size>
         <input_file_ref idref="fl-151"/>
      </object_component>
      <object_component id="oc-12">
         <name>.text:decompress:none</name>
         <load_address>0x3cf4</load_address>
         <run_address>0x3cf4</run_address>
         <size>0xe</size>
         <input_file_ref idref="fl-142"/>
      </object_component>
      <object_component id="oc-55c">
         <name>.text:CPUcpsid</name>
         <load_address>0x3d02</load_address>
         <run_address>0x3d02</run_address>
         <size>0xc</size>
         <input_file_ref idref="fl-11"/>
      </object_component>
      <object_component id="oc-29a">
         <name>.text:CPUcpsie</name>
         <load_address>0x3d0e</load_address>
         <run_address>0x3d0e</run_address>
         <size>0xc</size>
         <input_file_ref idref="fl-11"/>
      </object_component>
      <object_component id="oc-18c">
         <name>.text:PWMGenEnable</name>
         <load_address>0x3d1a</load_address>
         <run_address>0x3d1a</run_address>
         <size>0xc</size>
         <input_file_ref idref="fl-e"/>
      </object_component>
      <object_component id="oc-634">
         <name>.text:USBEndpointPacketCountSet</name>
         <load_address>0x3d26</load_address>
         <run_address>0x3d26</run_address>
         <size>0xc</size>
         <input_file_ref idref="fl-151"/>
      </object_component>
      <object_component id="oc-395">
         <name>.text:USBLPMIntEnable</name>
         <load_address>0x3d32</load_address>
         <run_address>0x3d32</run_address>
         <size>0xc</size>
         <input_file_ref idref="fl-151"/>
      </object_component>
      <object_component id="oc-27a">
         <name>.text:USBRingBufInit</name>
         <load_address>0x3d3e</load_address>
         <run_address>0x3d3e</run_address>
         <size>0xc</size>
         <input_file_ref idref="fl-14"/>
      </object_component>
      <object_component id="oc-1e">
         <name>.text:decompress:ZI</name>
         <load_address>0x3d4a</load_address>
         <run_address>0x3d4a</run_address>
         <size>0xc</size>
         <input_file_ref idref="fl-144"/>
      </object_component>
      <object_component id="oc-2a">
         <name>.text</name>
         <load_address>0x3d56</load_address>
         <run_address>0x3d56</run_address>
         <size>0xc</size>
         <input_file_ref idref="fl-3"/>
      </object_component>
      <object_component id="oc-1bc">
         <name>.text:USBBufferDataRemoved</name>
         <load_address>0x3d62</load_address>
         <run_address>0x3d62</run_address>
         <size>0xa</size>
         <input_file_ref idref="fl-12"/>
      </object_component>
      <object_component id="oc-365">
         <name>.text:USBClockEnable</name>
         <load_address>0x3d6c</load_address>
         <run_address>0x3d6c</run_address>
         <size>0xa</size>
         <input_file_ref idref="fl-151"/>
      </object_component>
      <object_component id="oc-4b3">
         <name>.text:USBControllerVersion</name>
         <load_address>0x3d76</load_address>
         <run_address>0x3d76</run_address>
         <size>0xa</size>
         <input_file_ref idref="fl-151"/>
      </object_component>
      <object_component id="oc-666">
         <name>.text:USBDMAChannelAddressSet</name>
         <load_address>0x3d80</load_address>
         <run_address>0x3d80</run_address>
         <size>0xa</size>
         <input_file_ref idref="fl-151"/>
      </object_component>
      <object_component id="oc-66c">
         <name>.text:USBDMAChannelCountSet</name>
         <load_address>0x3d8a</load_address>
         <run_address>0x3d8a</run_address>
         <size>0xa</size>
         <input_file_ref idref="fl-151"/>
      </object_component>
      <object_component id="oc-3ad">
         <name>.text:USBDevConnect</name>
         <load_address>0x3d94</load_address>
         <run_address>0x3d94</run_address>
         <size>0xa</size>
         <input_file_ref idref="fl-151"/>
      </object_component>
      <object_component id="oc-129">
         <name>.text:USBDevDisconnect</name>
         <load_address>0x3d9e</load_address>
         <run_address>0x3d9e</run_address>
         <size>0xa</size>
         <input_file_ref idref="fl-151"/>
      </object_component>
      <object_component id="oc-11d">
         <name>.text:USBIntStatusEndpoint</name>
         <load_address>0x3da8</load_address>
         <run_address>0x3da8</run_address>
         <size>0xa</size>
         <input_file_ref idref="fl-151"/>
      </object_component>
      <object_component id="oc-383">
         <name>.text:USBDevMode</name>
         <load_address>0x3db2</load_address>
         <run_address>0x3db2</run_address>
         <size>0x8</size>
         <input_file_ref idref="fl-151"/>
      </object_component>
      <object_component id="oc-628">
         <name>.text:USBFIFOAddrGet</name>
         <load_address>0x3dba</load_address>
         <run_address>0x3dba</run_address>
         <size>0x8</size>
         <input_file_ref idref="fl-151"/>
      </object_component>
      <object_component id="oc-37d">
         <name>.text:USBOTGMode</name>
         <load_address>0x3dc2</load_address>
         <run_address>0x3dc2</run_address>
         <size>0x8</size>
         <input_file_ref idref="fl-151"/>
      </object_component>
      <object_component id="oc-52e">
         <name>.text:iDMAUSBChannelIntDisable</name>
         <load_address>0x3dca</load_address>
         <run_address>0x3dca</run_address>
         <size>0x8</size>
         <input_file_ref idref="fl-1b"/>
      </object_component>
      <object_component id="oc-528">
         <name>.text:iDMAUSBChannelIntEnable</name>
         <load_address>0x3dd2</load_address>
         <run_address>0x3dd2</run_address>
         <size>0x8</size>
         <input_file_ref idref="fl-1b"/>
      </object_component>
      <object_component id="oc-1aa">
         <name>.text:GPIOPinWrite</name>
         <load_address>0x3dda</load_address>
         <run_address>0x3dda</run_address>
         <size>0x6</size>
         <input_file_ref idref="fl-c"/>
      </object_component>
      <object_component id="oc-258">
         <name>.text:SysCtlDelay</name>
         <load_address>0x3de0</load_address>
         <run_address>0x3de0</run_address>
         <size>0x6</size>
         <input_file_ref idref="fl-f"/>
      </object_component>
      <object_component id="oc-1b0">
         <name>.text:UARTClockSourceSet</name>
         <load_address>0x3de6</load_address>
         <run_address>0x3de6</run_address>
         <size>0x6</size>
         <input_file_ref idref="fl-10"/>
      </object_component>
      <object_component id="oc-1b6">
         <name>.text:USBBufferFlush</name>
         <load_address>0x3dec</load_address>
         <run_address>0x3dec</run_address>
         <size>0x6</size>
         <input_file_ref idref="fl-12"/>
      </object_component>
      <object_component id="oc-651">
         <name>.text:USBDMAChannelIntStatus</name>
         <load_address>0x3df2</load_address>
         <run_address>0x3df2</run_address>
         <size>0x6</size>
         <input_file_ref idref="fl-151"/>
      </object_component>
      <object_component id="oc-38f">
         <name>.text:USBDevLPMConfig</name>
         <load_address>0x3df8</load_address>
         <run_address>0x3df8</run_address>
         <size>0x6</size>
         <input_file_ref idref="fl-151"/>
      </object_component>
      <object_component id="oc-111">
         <name>.text:USBLPMIntStatus</name>
         <load_address>0x3dfe</load_address>
         <run_address>0x3dfe</run_address>
         <size>0x6</size>
         <input_file_ref idref="fl-151"/>
      </object_component>
      <object_component id="oc-18">
         <name>.text:decompress:rle24</name>
         <load_address>0x3e04</load_address>
         <run_address>0x3e04</run_address>
         <size>0x6</size>
         <input_file_ref idref="fl-143"/>
      </object_component>
      <object_component id="oc-522">
         <name>.text:iDMAUSBIntStatus</name>
         <load_address>0x3e0a</load_address>
         <run_address>0x3e0a</run_address>
         <size>0x6</size>
         <input_file_ref idref="fl-1b"/>
      </object_component>
      <object_component id="oc-4fe">
         <name>.text:DMAUSBStatus</name>
         <load_address>0x3e10</load_address>
         <run_address>0x3e10</run_address>
         <size>0x4</size>
         <input_file_ref idref="fl-1b"/>
      </object_component>
      <object_component id="oc-219">
         <name>.text:USBDevAddrSet</name>
         <load_address>0x3e14</load_address>
         <run_address>0x3e14</run_address>
         <size>0x4</size>
         <input_file_ref idref="fl-151"/>
      </object_component>
      <object_component id="oc-64">
         <name>.text</name>
         <load_address>0x3e18</load_address>
         <run_address>0x3e18</run_address>
         <size>0x4</size>
         <input_file_ref idref="fl-148"/>
      </object_component>
      <object_component id="oc-26c">
         <name>.const:g_pui32GPIOBaseAddrs</name>
         <load_address>0x3e1c</load_address>
         <run_address>0x3e1c</run_address>
         <size>0x90</size>
         <input_file_ref idref="fl-c"/>
      </object_component>
      <object_component id="oc-557">
         <name>.const</name>
         <load_address>0x3eac</load_address>
         <run_address>0x3eac</run_address>
         <size>0x70</size>
         <input_file_ref idref="fl-d"/>
      </object_component>
      <object_component id="oc-270">
         <name>.const:g_pui32Xtals</name>
         <load_address>0x3f1c</load_address>
         <run_address>0x3f1c</run_address>
         <size>0x6c</size>
         <input_file_ref idref="fl-f"/>
      </object_component>
      <object_component id="oc-2ff">
         <name>.const:g_psUSBDStdRequests</name>
         <load_address>0x3f88</load_address>
         <run_address>0x3f88</run_address>
         <size>0x34</size>
         <input_file_ref idref="fl-18"/>
      </object_component>
      <object_component id="oc-40d">
         <name>.const:.string:g_pui8ConfigString</name>
         <load_address>0x3fbc</load_address>
         <run_address>0x3fbc</run_address>
         <size>0x30</size>
         <input_file_ref idref="fl-5"/>
      </object_component>
      <object_component id="oc-34c">
         <name>.const:g_sBulkHandlers</name>
         <load_address>0x3fec</load_address>
         <run_address>0x3fec</run_address>
         <size>0x30</size>
         <input_file_ref idref="fl-17"/>
      </object_component>
      <object_component id="oc-40a">
         <name>.const:.string:g_pui8DataInterfaceString</name>
         <load_address>0x401c</load_address>
         <run_address>0x401c</run_address>
         <size>0x28</size>
         <input_file_ref idref="fl-5"/>
      </object_component>
      <object_component id="oc-407">
         <name>.const:.string:g_pui8ProductString</name>
         <load_address>0x4044</load_address>
         <run_address>0x4044</run_address>
         <size>0x28</size>
         <input_file_ref idref="fl-5"/>
      </object_component>
      <object_component id="oc-84">
         <name>.const</name>
         <load_address>0x406c</load_address>
         <run_address>0x406c</run_address>
         <size>0x28</size>
         <input_file_ref idref="fl-4"/>
      </object_component>
      <object_component id="oc-404">
         <name>.const:.string:g_pui8ManufacturerString</name>
         <load_address>0x4094</load_address>
         <run_address>0x4094</run_address>
         <size>0x24</size>
         <input_file_ref idref="fl-5"/>
      </object_component>
      <object_component id="oc-34f">
         <name>.const</name>
         <load_address>0x40b8</load_address>
         <run_address>0x40b8</run_address>
         <size>0x1c</size>
         <input_file_ref idref="fl-17"/>
      </object_component>
      <object_component id="oc-2d9">
         <name>.const</name>
         <load_address>0x40d4</load_address>
         <run_address>0x40d4</run_address>
         <size>0x18</size>
         <input_file_ref idref="fl-5"/>
      </object_component>
      <object_component id="oc-495">
         <name>.const:.string</name>
         <load_address>0x40ec</load_address>
         <run_address>0x40ec</run_address>
         <size>0x17</size>
         <input_file_ref idref="fl-17"/>
      </object_component>
      <object_component id="oc-401">
         <name>.const:.string</name>
         <load_address>0x4103</load_address>
         <run_address>0x4103</run_address>
         <size>0x16</size>
         <input_file_ref idref="fl-5"/>
      </object_component>
      <object_component id="oc-eb">
         <name>.const:.string</name>
         <load_address>0x411c</load_address>
         <run_address>0x411c</run_address>
         <size>0x12</size>
         <input_file_ref idref="fl-4"/>
      </object_component>
      <object_component id="oc-73f">
         <name>.cinit..data.load</name>
         <load_address>0x4130</load_address>
         <run_address>0x4130</run_address>
         <size>0xac</size>
      </object_component>
      <object_component id="oc-73d">
         <name>__TI_handler_table</name>
         <load_address>0x41dc</load_address>
         <run_address>0x41dc</run_address>
         <size>0xc</size>
      </object_component>
      <object_component id="oc-740">
         <name>.cinit..bss.load</name>
         <load_address>0x41e8</load_address>
         <run_address>0x41e8</run_address>
         <size>0x8</size>
      </object_component>
      <object_component id="oc-73e">
         <name>__TI_cinit_table</name>
         <load_address>0x41f0</load_address>
         <run_address>0x41f0</run_address>
         <size>0x10</size>
      </object_component>
      <object_component id="oc-29">
         <name>.stack</name>
         <uninitialized>true</uninitialized>
         <run_address>0x20000e6c</run_address>
         <size>0x0</size>
         <input_file_ref idref="fl-141"/>
      </object_component>
      <object_component id="oc-741">
         <name>.stack</name>
         <uninitialized>true</uninitialized>
         <run_address>0x20000e6c</run_address>
         <size>0x0</size>
      </object_component>
      <object_component id="oc-8a">
         <name>.bss:g_pcUARTTxBuffer</name>
         <uninitialized>true</uninitialized>
         <run_address>0x20000000</run_address>
         <size>0x400</size>
         <input_file_ref idref="fl-4"/>
      </object_component>
      <object_component id="oc-8d">
         <name>.bss:g_pcUARTRxBuffer</name>
         <uninitialized>true</uninitialized>
         <run_address>0x20000d10</run_address>
         <size>0x80</size>
         <input_file_ref idref="fl-4"/>
      </object_component>
      <object_component id="oc-1d0">
         <name>.bss:g_pui8USBRxBuffer</name>
         <uninitialized>true</uninitialized>
         <run_address>0x20000400</run_address>
         <size>0x400</size>
         <input_file_ref idref="fl-5"/>
      </object_component>
      <object_component id="oc-2c0">
         <name>.bss:g_pui8USBTxBuffer</name>
         <uninitialized>true</uninitialized>
         <run_address>0x20000800</run_address>
         <size>0x400</size>
         <input_file_ref idref="fl-5"/>
      </object_component>
      <object_component id="oc-2fc">
         <name>.bss:g_pui8DataBufferIn</name>
         <uninitialized>true</uninitialized>
         <run_address>0x20000de0</run_address>
         <size>0x40</size>
         <input_file_ref idref="fl-18"/>
      </object_component>
      <object_component id="oc-132">
         <name>.bss:g_psDCDInst</name>
         <uninitialized>true</uninitialized>
         <run_address>0x20000d90</run_address>
         <size>0x50</size>
         <input_file_ref idref="fl-18"/>
      </object_component>
      <object_component id="oc-4b9">
         <name>.bss:g_psUSBDMAInst</name>
         <uninitialized>true</uninitialized>
         <run_address>0x20000c00</run_address>
         <size>0x110</size>
         <input_file_ref idref="fl-1b"/>
      </object_component>
      <object_component id="oc-1c3">
         <name>.common:g_ui32Load</name>
         <uninitialized>true</uninitialized>
         <run_address>0x20000e58</run_address>
         <size>0x4</size>
      </object_component>
      <object_component id="oc-1c2">
         <name>.common:g_ui32PWMClock</name>
         <uninitialized>true</uninitialized>
         <run_address>0x20000e5c</run_address>
         <size>0x4</size>
      </object_component>
      <object_component id="oc-95">
         <name>.common:g_bDisableEcho</name>
         <uninitialized>true</uninitialized>
         <run_address>0x20000e68</run_address>
         <size>0x1</size>
      </object_component>
      <object_component id="oc-87">
         <name>.common:g_ui32PortNum</name>
         <uninitialized>true</uninitialized>
         <run_address>0x20000e60</run_address>
         <size>0x4</size>
      </object_component>
      <object_component id="oc-285">
         <name>.common:g_pfnUSBModeCallback</name>
         <uninitialized>true</uninitialized>
         <run_address>0x20000e50</run_address>
         <size>0x4</size>
      </object_component>
      <object_component id="oc-205">
         <name>.common:g_pfnTickHandlers</name>
         <uninitialized>true</uninitialized>
         <run_address>0x20000e20</run_address>
         <size>0x18</size>
      </object_component>
      <object_component id="oc-208">
         <name>.common:g_pvTickInstance</name>
         <uninitialized>true</uninitialized>
         <run_address>0x20000e38</run_address>
         <size>0x18</size>
      </object_component>
      <object_component id="oc-3b9">
         <name>.common:g_ui32ULPISupport</name>
         <uninitialized>true</uninitialized>
         <run_address>0x20000e64</run_address>
         <size>0x4</size>
      </object_component>
      <object_component id="oc-12f">
         <name>.common:g_ppsDevInfo</name>
         <uninitialized>true</uninitialized>
         <run_address>0x20000e54</run_address>
         <size>0x4</size>
      </object_component>
      <object_component id="oc-1c4">
         <name>.data</name>
         <load_address>0x20001174</load_address>
         <run_address>0x20001174</run_address>
         <size>0x8</size>
         <input_file_ref idref="fl-2"/>
      </object_component>
      <object_component id="oc-81">
         <name>.data</name>
         <load_address>0x20001144</load_address>
         <run_address>0x20001144</run_address>
         <size>0x15</size>
         <input_file_ref idref="fl-4"/>
      </object_component>
      <object_component id="oc-1cd">
         <name>.data:g_sBulkDevice</name>
         <load_address>0x2000106c</load_address>
         <run_address>0x2000106c</run_address>
         <size>0x44</size>
         <input_file_ref idref="fl-5"/>
      </object_component>
      <object_component id="oc-1ca">
         <name>.data:g_sRxBuffer</name>
         <load_address>0x200010b0</load_address>
         <run_address>0x200010b0</run_address>
         <size>0x38</size>
         <input_file_ref idref="fl-5"/>
      </object_component>
      <object_component id="oc-1c7">
         <name>.data:g_sTxBuffer</name>
         <load_address>0x200010e8</load_address>
         <run_address>0x200010e8</run_address>
         <size>0x38</size>
         <input_file_ref idref="fl-5"/>
      </object_component>
      <object_component id="oc-282">
         <name>.data</name>
         <load_address>0x20001168</load_address>
         <run_address>0x20001168</run_address>
         <size>0x9</size>
         <input_file_ref idref="fl-13"/>
      </object_component>
      <object_component id="oc-135">
         <name>.data</name>
         <load_address>0x2000115c</load_address>
         <run_address>0x2000115c</run_address>
         <size>0xc</size>
         <input_file_ref idref="fl-15"/>
      </object_component>
      <object_component id="oc-295">
         <name>.data</name>
         <load_address>0x20001120</load_address>
         <run_address>0x20001120</run_address>
         <size>0x24</size>
         <input_file_ref idref="fl-17"/>
      </object_component>
      <object_component id="oc-138">
         <name>.data</name>
         <load_address>0x2000118c</load_address>
         <run_address>0x2000118c</run_address>
         <size>0x8</size>
         <input_file_ref idref="fl-18"/>
      </object_component>
      <object_component id="oc-e1">
         <name>.data</name>
         <load_address>0x20001184</load_address>
         <run_address>0x20001184</run_address>
         <size>0x8</size>
         <input_file_ref idref="fl-145"/>
      </object_component>
      <object_component id="oc-7c">
         <name>.data</name>
         <load_address>0x20001194</load_address>
         <run_address>0x20001194</run_address>
         <size>0x4</size>
         <input_file_ref idref="fl-149"/>
      </object_component>
      <object_component id="oc-de">
         <name>.data</name>
         <load_address>0x2000117c</load_address>
         <run_address>0x2000117c</run_address>
         <size>0x8</size>
         <input_file_ref idref="fl-14b"/>
      </object_component>
      <object_component id="oc-fb">
         <name>.debug_info</name>
         <load_address>0x0</load_address>
         <run_address>0x0</run_address>
         <size>0x847</size>
         <input_file_ref idref="fl-2"/>
      </object_component>
      <object_component id="oc-1c5">
         <name>.debug_info</name>
         <load_address>0x847</load_address>
         <run_address>0x847</run_address>
         <size>0x167</size>
         <input_file_ref idref="fl-2"/>
      </object_component>
      <object_component id="oc-d8">
         <name>.debug_info</name>
         <load_address>0x9ae</load_address>
         <run_address>0x9ae</run_address>
         <size>0x6e9</size>
         <input_file_ref idref="fl-2"/>
      </object_component>
      <object_component id="oc-1ec">
         <name>.debug_info</name>
         <load_address>0x1097</load_address>
         <run_address>0x1097</run_address>
         <size>0x22c</size>
         <input_file_ref idref="fl-2"/>
      </object_component>
      <object_component id="oc-1f1">
         <name>.debug_info</name>
         <load_address>0x12c3</load_address>
         <run_address>0x12c3</run_address>
         <size>0x234</size>
         <input_file_ref idref="fl-2"/>
      </object_component>
      <object_component id="oc-1f6">
         <name>.debug_info</name>
         <load_address>0x14f7</load_address>
         <run_address>0x14f7</run_address>
         <size>0xa85</size>
         <input_file_ref idref="fl-2"/>
      </object_component>
      <object_component id="oc-712">
         <name>.debug_info</name>
         <load_address>0x1f7c</load_address>
         <run_address>0x1f7c</run_address>
         <size>0x86</size>
         <input_file_ref idref="fl-2"/>
      </object_component>
      <object_component id="oc-2e4">
         <name>.debug_info</name>
         <load_address>0x2002</load_address>
         <run_address>0x2002</run_address>
         <size>0xe4</size>
         <input_file_ref idref="fl-2"/>
      </object_component>
      <object_component id="oc-97">
         <name>.debug_info</name>
         <load_address>0x20e6</load_address>
         <run_address>0x20e6</run_address>
         <size>0x8b</size>
         <input_file_ref idref="fl-2"/>
      </object_component>
      <object_component id="oc-9c">
         <name>.debug_info</name>
         <load_address>0x2171</load_address>
         <run_address>0x2171</run_address>
         <size>0x18b</size>
         <input_file_ref idref="fl-2"/>
      </object_component>
      <object_component id="oc-c5">
         <name>.debug_info</name>
         <load_address>0x22fc</load_address>
         <run_address>0x22fc</run_address>
         <size>0x2c</size>
         <input_file_ref idref="fl-2"/>
      </object_component>
      <object_component id="oc-a1">
         <name>.debug_info</name>
         <load_address>0x2328</load_address>
         <run_address>0x2328</run_address>
         <size>0x4e</size>
         <input_file_ref idref="fl-2"/>
      </object_component>
      <object_component id="oc-3e">
         <name>.debug_info</name>
         <load_address>0x2376</load_address>
         <run_address>0x2376</run_address>
         <size>0x16d</size>
         <input_file_ref idref="fl-3"/>
      </object_component>
      <object_component id="oc-10">
         <name>.debug_info</name>
         <load_address>0x24e3</load_address>
         <run_address>0x24e3</run_address>
         <size>0xf4</size>
         <input_file_ref idref="fl-3"/>
      </object_component>
      <object_component id="oc-2e">
         <name>.debug_info</name>
         <load_address>0x25d7</load_address>
         <run_address>0x25d7</run_address>
         <size>0x270</size>
         <input_file_ref idref="fl-3"/>
      </object_component>
      <object_component id="oc-b5">
         <name>.debug_info</name>
         <load_address>0x2847</load_address>
         <run_address>0x2847</run_address>
         <size>0x84</size>
         <input_file_ref idref="fl-3"/>
      </object_component>
      <object_component id="oc-88">
         <name>.debug_info</name>
         <load_address>0x28cb</load_address>
         <run_address>0x28cb</run_address>
         <size>0x19c</size>
         <input_file_ref idref="fl-4"/>
      </object_component>
      <object_component id="oc-8b">
         <name>.debug_info</name>
         <load_address>0x2a67</load_address>
         <run_address>0x2a67</run_address>
         <size>0x110</size>
         <input_file_ref idref="fl-4"/>
      </object_component>
      <object_component id="oc-82">
         <name>.debug_info</name>
         <load_address>0x2b77</load_address>
         <run_address>0x2b77</run_address>
[...]
      </symbol>
      <symbol id="sm-57b">
         <name>g_sBulkInterfaceSection</name>
         <value>0x40c0</value>
         <object_component_ref idref="oc-34f"/>
      </symbol>
      <symbol id="sm-57c">
         <name>g_psBulkSections</name>
         <value>0x2000113c</value>
         <object_component_ref idref="oc-295"/>
      </symbol>
      <symbol id="sm-57d">
         <name>g_ppBulkConfigDescriptors</name>
         <value>0x40d0</value>
         <object_component_ref idref="oc-34f"/>
      </symbol>
      <symbol id="sm-57e">
         <name>g_sBulkConfigSection</name>
         <value>0x40b8</value>
         <object_component_ref idref="oc-34f"/>
      </symbol>
      <symbol id="sm-57f">
         <name>USBDBulkInit</name>
         <value>0x2fd9</value>
         <object_component_ref idref="oc-19e"/>
      </symbol>
      <symbol id="sm-580">
         <name>g_pui8BulkDeviceDescriptor</name>
         <value>0x20001120</value>
         <object_component_ref idref="oc-295"/>
      </symbol>
      <symbol id="sm-581">
         <name>g_pui8BulkInterface</name>
         <value>0x40ec</value>
         <object_component_ref idref="oc-495"/>
      </symbol>
      <symbol id="sm-582">
         <name>USBDBulkRxPacketAvailable</name>
         <value>0x37ef</value>
         <object_component_ref idref="oc-2cb"/>
      </symbol>
      <symbol id="sm-583">
         <name>USBDBulkPacketRead</name>
         <value>0x237d</value>
         <object_component_ref idref="oc-2c5"/>
      </symbol>
      <symbol id="sm-584">
         <name>g_sBulkHandlers</name>
         <value>0x3fec</value>
         <object_component_ref idref="oc-34c"/>
      </symbol>
      <symbol id="sm-585">
         <name>USBDBulkPacketWrite</name>
         <value>0x2abd</value>
         <object_component_ref idref="oc-2b4"/>
      </symbol>
      <symbol id="sm-586">
         <name>g_pui8BulkDescriptor</name>
         <value>0x20001132</value>
         <object_component_ref idref="oc-295"/>
      </symbol>
      <symbol id="sm-587">
         <name>g_sBulkConfigHeader</name>
         <value>0x40c8</value>
         <object_component_ref idref="oc-34f"/>
      </symbol>
      <symbol id="sm-70c">
         <name>g_ppsDevInfo</name>
         <value>0x20000e54</value>
      </symbol>
      <symbol id="sm-70d">
         <name>USBDCDStallEP0</name>
         <value>0x394d</value>
         <object_component_ref idref="oc-2f6"/>
      </symbol>
      <symbol id="sm-70e">
         <name>USBDeviceEnumHandler</name>
         <value>0x1aa1</value>
         <object_component_ref idref="oc-123"/>
      </symbol>
      <symbol id="sm-70f">
         <name>USBDCDInit</name>
         <value>0x131d</value>
         <object_component_ref idref="oc-28f"/>
      </symbol>
      <symbol id="sm-710">
         <name>USBDeviceEnumResetHandler</name>
         <value>0x2f49</value>
         <object_component_ref idref="oc-ff"/>
      </symbol>
      <symbol id="sm-711">
         <name>g_psDCDInst</name>
         <value>0x20000d90</value>
         <object_component_ref idref="oc-132"/>
      </symbol>
      <symbol id="sm-712">
         <name>USBDCDDeviceInfoInit</name>
         <value>0x301d</value>
         <object_component_ref idref="oc-33a"/>
      </symbol>
      <symbol id="sm-713">
         <name>USBDeviceIntHandlerInternal</name>
         <value>0x11cd</value>
         <object_component_ref idref="oc-ac"/>
      </symbol>
      <symbol id="sm-714">
         <name>USBDeviceResumeTickHandler</name>
         <value>0x2c05</value>
         <object_component_ref idref="oc-105"/>
      </symbol>
      <symbol id="sm-720">
         <name>USB0DeviceIntHandler</name>
         <value>0x3a05</value>
         <object_component_ref idref="oc-36"/>
      </symbol>
      <symbol id="sm-73e">
         <name>USBDescGet</name>
         <value>0x357f</value>
         <object_component_ref idref="oc-6ee"/>
      </symbol>
      <symbol id="sm-73f">
         <name>USBDescGetNum</name>
         <value>0x367d</value>
         <object_component_ref idref="oc-6c3"/>
      </symbol>
      <symbol id="sm-87f">
         <name>USBLibDMAInit</name>
         <value>0xf0d</value>
         <object_component_ref idref="oc-39b"/>
      </symbol>
      <symbol id="sm-88c">
         <name>ULPIConfigSet</name>
         <value>0x2b11</value>
         <object_component_ref idref="oc-371"/>
      </symbol>
      <symbol id="sm-8dd">
         <name>USBDCDConfigDescGet</name>
         <value>0x2bb5</value>
         <object_component_ref idref="oc-69d"/>
      </symbol>
      <symbol id="sm-8de">
         <name>USBDCDConfigGetInterface</name>
         <value>0x392f</value>
         <object_component_ref idref="oc-5b5"/>
      </symbol>
      <symbol id="sm-8df">
         <name>USBDCDConfigDescGetSize</name>
         <value>0x3a35</value>
         <object_component_ref idref="oc-303"/>
      </symbol>
      <symbol id="sm-8e0">
         <name>USBDCDConfigGetInterfaceEndpoint</name>
         <value>0x31a9</value>
         <object_component_ref idref="oc-6a3"/>
      </symbol>
      <symbol id="sm-8e1">
         <name>USBDCDConfigDescGetNum</name>
         <value>0x362b</value>
         <object_component_ref idref="oc-5af"/>
      </symbol>
      <symbol id="sm-92e">
         <name>USBDeviceConfigAlternate</name>
         <value>0x2005</value>
         <object_component_ref idref="oc-5bb"/>
      </symbol>
      <symbol id="sm-92f">
         <name>USBDeviceConfig</name>
         <value>0x1465</value>
         <object_component_ref idref="oc-5a7"/>
      </symbol>
      <symbol id="sm-941">
         <name>_c_int00</name>
         <value>0x2c55</value>
         <object_component_ref idref="oc-24"/>
      </symbol>
      <symbol id="sm-942">
         <name>__stack</name>
         <value>0x20000e6c</value>
         <object_component_ref idref="oc-29"/>
      </symbol>
      <symbol id="sm-959">
         <name>__TI_decompress_none</name>
         <value>0x3cf5</value>
         <object_component_ref idref="oc-12"/>
      </symbol>
      <symbol id="sm-97c">
         <name>__TI_decompress_rle24</name>
         <value>0x3e05</value>
         <object_component_ref idref="oc-18"/>
      </symbol>
      <symbol id="sm-98e">
         <name>__TI_zero_init</name>
         <value>0x3d4b</value>
         <object_component_ref idref="oc-1e"/>
      </symbol>
      <symbol id="sm-9ad">
         <name>C$$EXIT</name>
         <value>0x30e9</value>
         <object_component_ref idref="oc-76"/>
      </symbol>
      <symbol id="sm-9ae">
         <name>abort</name>
         <value>0x30ed</value>
         <object_component_ref idref="oc-76"/>
      </symbol>
      <symbol id="sm-9af">
         <name>exit</name>
         <value>0x30f5</value>
         <object_component_ref idref="oc-76"/>
      </symbol>
      <symbol id="sm-9b0">
         <name>__TI_dtors_ptr</name>
         <value>0x20001188</value>
         <object_component_ref idref="oc-e1"/>
      </symbol>
      <symbol id="sm-9b1">
         <name>__TI_cleanup_ptr</name>
         <value>0x20001184</value>
         <object_component_ref idref="oc-e1"/>
      </symbol>
      <symbol id="sm-9cc">
         <name>memcpy</name>
         <value>0x1daf</value>
         <object_component_ref idref="oc-3f"/>
      </symbol>
      <symbol id="sm-9cd">
         <name>__aeabi_memcpy</name>
         <value>0x1daf</value>
         <object_component_ref idref="oc-3f"/>
      </symbol>
      <symbol id="sm-9ce">
         <name>__aeabi_memcpy8</name>
         <value>0x1daf</value>
         <object_component_ref idref="oc-3f"/>
      </symbol>
      <symbol id="sm-9cf">
         <name>__aeabi_memcpy4</name>
         <value>0x1daf</value>
         <object_component_ref idref="oc-3f"/>
      </symbol>
      <symbol id="sm-9de">
         <name>__aeabi_memset</name>
         <value>0x2291</value>
         <object_component_ref idref="oc-58"/>
      </symbol>
      <symbol id="sm-9df">
         <name>memset</name>
         <value>0x2297</value>
         <object_component_ref idref="oc-58"/>
      </symbol>
      <symbol id="sm-9e0">
         <name>__aeabi_memset8</name>
         <value>0x2291</value>
         <object_component_ref idref="oc-58"/>
      </symbol>
      <symbol id="sm-9e1">
         <name>__aeabi_memset4</name>
         <value>0x2291</value>
         <object_component_ref idref="oc-58"/>
      </symbol>
      <symbol id="sm-9e2">
         <name>__aeabi_memclr8</name>
         <value>0x228f</value>
         <object_component_ref idref="oc-58"/>
      </symbol>
      <symbol id="sm-9e3">
         <name>__aeabi_memclr4</name>
         <value>0x228f</value>
         <object_component_ref idref="oc-58"/>
      </symbol>
      <symbol id="sm-9e4">
         <name>__aeabi_memclr</name>
         <value>0x228f</value>
         <object_component_ref idref="oc-58"/>
      </symbol>
      <symbol id="sm-9ee">
         <name>_system_pre_init</name>
         <value>0x3e19</value>
         <object_component_ref idref="oc-64"/>
      </symbol>
      <symbol id="sm-9f6">
         <name>main_func_sp</name>
         <value>0x20001194</value>
         <object_component_ref idref="oc-7c"/>
      </symbol>
      <symbol id="sm-a08">
         <name>__aeabi_uidivmod</name>
         <value>0x312d</value>
         <object_component_ref idref="oc-90"/>
      </symbol>
      <symbol id="sm-a09">
         <name>__aeabi_uidiv</name>
         <value>0x312d</value>
         <object_component_ref idref="oc-90"/>
      </symbol>
      <symbol id="sm-a22">
         <name>_nop</name>
         <value>0x3b8b</value>
         <object_component_ref idref="oc-1db"/>
      </symbol>
      <symbol id="sm-a23">
         <name>_lock</name>
         <value>0x2000117c</value>
         <object_component_ref idref="oc-de"/>
      </symbol>
      <symbol id="sm-a24">
         <name>_unlock</name>
         <value>0x20001180</value>
         <object_component_ref idref="oc-de"/>
      </symbol>
      <symbol id="sm-a25">
         <name>_register_lock</name>
         <value>0x3b83</value>
         <object_component_ref idref="oc-1db"/>
      </symbol>
      <symbol id="sm-a26">
         <name>_register_unlock</name>
         <value>0x3b7d</value>
         <object_component_ref idref="oc-1db"/>
      </symbol>
      <symbol id="sm-a3b">
         <name>_args_main</name>
         <value>0x3a7d</value>
         <object_component_ref idref="oc-70"/>
      </symbol>
      <symbol id="sm-a61">
         <name>__TI_auto_init</name>
         <value>0x25b1</value>
         <object_component_ref idref="oc-6a"/>
      </symbol>
      <symbol id="sm-a7b">
         <name>copy_in</name>
         <value>0x2dd9</value>
         <object_component_ref idref="oc-ce"/>
      </symbol>
      <symbol id="sm-a85">
         <name>__aeabi_idiv0</name>
         <value>0x2687</value>
         <object_component_ref idref="oc-f4"/>
      </symbol>
      <symbol id="sm-ad0">
         <name>uDMAChannelControlSet</name>
         <value>0x37a9</value>
         <object_component_ref idref="oc-5e0"/>
      </symbol>
      <symbol id="sm-ad1">
         <name>uDMAChannelDisable</name>
         <value>0x3a95</value>
         <object_component_ref idref="oc-5fa"/>
      </symbol>
      <symbol id="sm-ad2">
         <name>uDMAChannelModeGet</name>
         <value>0x36cd</value>
         <object_component_ref idref="oc-61f"/>
      </symbol>
      <symbol id="sm-ad3">
         <name>uDMAChannelTransferSet</name>
         <value>0x2115</value>
         <object_component_ref idref="oc-62e"/>
      </symbol>
      <symbol id="sm-ad4">
         <name>uDMAChannelAttributeDisable</name>
         <value>0x2f91</value>
         <object_component_ref idref="oc-5ed"/>
      </symbol>
      <symbol id="sm-ad5">
         <name>uDMAChannelEnable</name>
         <value>0x3aad</value>
         <object_component_ref idref="oc-613"/>
      </symbol>
      <symbol id="sm-c84">
         <name>USBLPMIntEnable</name>
         <value>0x3d33</value>
         <object_component_ref idref="oc-395"/>
      </symbol>
      <symbol id="sm-c85">
         <name>USBEndpointDataAvail</name>
         <value>0x3969</value>
         <object_component_ref idref="oc-3da"/>
      </symbol>
      <symbol id="sm-c86">
         <name>USBClockEnable</name>
         <value>0x3d6d</value>
         <object_component_ref idref="oc-365"/>
      </symbol>
      <symbol id="sm-c87">
         <name>USBDevDisconnect</name>
         <value>0x3d9f</value>
         <object_component_ref idref="oc-129"/>
      </symbol>
      <symbol id="sm-c88">
         <name>USBDevEndpointStallClear</name>
         <value>0x2ca5</value>
         <object_component_ref idref="oc-595"/>
      </symbol>
      <symbol id="sm-c89">
         <name>USBEndpointDataPut</name>
         <value>0x34f1</value>
         <object_component_ref idref="oc-309"/>
      </symbol>
      <symbol id="sm-c8a">
         <name>USBDMAChannelIntStatus</name>
         <value>0x3df3</value>
         <object_component_ref idref="oc-651"/>
      </symbol>
      <symbol id="sm-c8b">
         <name>USBDevAddrSet</name>
         <value>0x3e15</value>
         <object_component_ref idref="oc-219"/>
      </symbol>
      <symbol id="sm-c8c">
         <name>USBDMAChannelCountSet</name>
         <value>0x3d8b</value>
         <object_component_ref idref="oc-66c"/>
      </symbol>
      <symbol id="sm-c8d">
         <name>USBLPMIntStatus</name>
         <value>0x3dff</value>
         <object_component_ref idref="oc-111"/>
      </symbol>
      <symbol id="sm-c8e">
         <name>USBDMAChannelAddressSet</name>
         <value>0x3d81</value>
         <object_component_ref idref="oc-666"/>
      </symbol>
      <symbol id="sm-c8f">
         <name>USBULPIDisable</name>
         <value>0x3cd9</value>
         <object_component_ref idref="oc-377"/>
      </symbol>
      <symbol id="sm-c90">
         <name>USBIntStatusControl</name>
         <value>0x3255</value>
         <object_component_ref idref="oc-a6"/>
      </symbol>
      <symbol id="sm-c91">
         <name>USBEndpointDMADisable</name>
         <value>0x3761</value>
         <object_component_ref idref="oc-5f3"/>
      </symbol>
      <symbol id="sm-c92">
         <name>USBDevEndpointDataAck</name>
         <value>0x373d</value>
         <object_component_ref idref="oc-225"/>
      </symbol>
      <symbol id="sm-c93">
         <name>USBOTGMode</name>
         <value>0x3dc3</value>
         <object_component_ref idref="oc-37d"/>
      </symbol>
      <symbol id="sm-c94">
         <name>USBDMAChannelConfigSet</name>
         <value>0x3b2d</value>
         <object_component_ref idref="oc-672"/>
      </symbol>
      <symbol id="sm-c95">
         <name>USBULPIRegRead</name>
         <value>0x38f3</value>
         <object_component_ref idref="oc-49f"/>
      </symbol>
      <symbol id="sm-c96">
         <name>USBDevMode</name>
         <value>0x3db3</value>
         <object_component_ref idref="oc-383"/>
      </symbol>
      <symbol id="sm-c97">
         <name>USBIntEnableEndpoint</name>
         <value>0x3b55</value>
         <object_component_ref idref="oc-3a7"/>
      </symbol>
      <symbol id="sm-c98">
         <name>USBEndpointDataGet</name>
         <value>0x30a5</value>
         <object_component_ref idref="oc-21f"/>
      </symbol>
      <symbol id="sm-c99">
         <name>USBDevEndpointStatusClear</name>
         <value>0x2a09</value>
         <object_component_ref idref="oc-213"/>
      </symbol>
      <symbol id="sm-c9a">
         <name>USBULPIEnable</name>
         <value>0x3ce7</value>
         <object_component_ref idref="oc-36b"/>
      </symbol>
      <symbol id="sm-c9b">
         <name>USBFIFOAddrGet</name>
         <value>0x3dbb</value>
         <object_component_ref idref="oc-628"/>
      </symbol>
      <symbol id="sm-c9c">
         <name>USBDMAChannelStatus</name>
         <value>0x3caf</value>
         <object_component_ref idref="oc-64a"/>
      </symbol>
      <symbol id="sm-c9d">
         <name>USBULPIRegWrite</name>
         <value>0x3911</value>
         <object_component_ref idref="oc-4a5"/>
      </symbol>
      <symbol id="sm-c9e">
         <name>USBDMAChannelIntEnable</name>
         <value>0x3c0f</value>
         <object_component_ref idref="oc-658"/>
      </symbol>
      <symbol id="sm-c9f">
         <name>USBDevLPMConfig</name>
         <value>0x3df9</value>
         <object_component_ref idref="oc-38f"/>
      </symbol>
      <symbol id="sm-ca0">
         <name>USBDevLPMEnable</name>
         <value>0x3ccb</value>
         <object_component_ref idref="oc-117"/>
      </symbol>
      <symbol id="sm-ca1">
         <name>USBControllerVersion</name>
         <value>0x3d77</value>
         <object_component_ref idref="oc-4b3"/>
      </symbol>
      <symbol id="sm-ca2">
         <name>USBFIFOConfigSet</name>
         <value>0x31e3</value>
         <object_component_ref idref="oc-6bb"/>
      </symbol>
      <symbol id="sm-ca3">
         <name>USBEndpointDMAEnable</name>
         <value>0x3785</value>
         <object_component_ref idref="oc-60d"/>
      </symbol>
      <symbol id="sm-ca4">
         <name>USBDevLPMDisable</name>
         <value>0x3cbd</value>
         <object_component_ref idref="oc-389"/>
      </symbol>
      <symbol id="sm-ca5">
         <name>USBEndpointDataSend</name>
         <value>0x3551</value>
         <object_component_ref idref="oc-30f"/>
      </symbol>
      <symbol id="sm-ca6">
         <name>USBIntStatusEndpoint</name>
         <value>0x3da9</value>
         <object_component_ref idref="oc-11d"/>
      </symbol>
      <symbol id="sm-ca7">
         <name>USBEndpointStatus</name>
         <value>0x3c63</value>
         <object_component_ref idref="oc-20d"/>
      </symbol>
      <symbol id="sm-ca8">
         <name>USBEndpointPacketCountSet</name>
         <value>0x3d27</value>
         <object_component_ref idref="oc-634"/>
      </symbol>
      <symbol id="sm-ca9">
         <name>USBDMAChannelIntDisable</name>
         <value>0x3bfd</value>
         <object_component_ref idref="oc-65f"/>
      </symbol>
      <symbol id="sm-caa">
         <name>USBEndpointDMAConfigSet</name>
         <value>0x2d8b</value>
         <object_component_ref idref="oc-63a"/>
      </symbol>
      <symbol id="sm-cab">
         <name>USBDevEndpointStall</name>
         <value>0x33fd</value>
         <object_component_ref idref="oc-414"/>
      </symbol>
      <symbol id="sm-cac">
         <name>USBDevConnect</name>
         <value>0x3d95</value>
         <object_component_ref idref="oc-3ad"/>
      </symbol>
      <symbol id="sm-cad">
         <name>USBDevEndpointConfigSet</name>
         <value>0x2215</value>
         <object_component_ref idref="oc-6af"/>
      </symbol>
      <symbol id="sm-cae">
         <name>USBDMAChannelDisable</name>
         <value>0x3bd9</value>
         <object_component_ref idref="oc-643"/>
      </symbol>
      <symbol id="sm-caf">
         <name>USBDMAChannelEnable</name>
         <value>0x3beb</value>
         <object_component_ref idref="oc-678"/>
      </symbol>
      <symbol id="sm-cb0">
         <name>USBHostResume</name>
         <value>0x3b41</value>
         <object_component_ref idref="oc-1fe"/>
      </symbol>
      <symbol id="sm-cb1">
         <name>USBIntEnableControl</name>
         <value>0x36a5</value>
         <object_component_ref idref="oc-3a1"/>
      </symbol>
      <symbol id="sm-cb2">
         <name>USBEndpointDMAChannel</name>
         <value>0x39a1</value>
         <object_component_ref idref="oc-5e7"/>
      </symbol>
      <symbol id="sm-cb3">
         <name>__TI_static_base__</name>
         <value>0x0</value>
      </symbol>
      <symbol id="sm-cb6">
         <name>SHT$$INIT_ARRAY$$Limit</name>
         <value>0x0</value>
      </symbol>
      <symbol id="sm-cb7">
         <name>SHT$$INIT_ARRAY$$Base</name>
         <value>0x0</value>
      </symbol>
   </symbol_table>
   <title>Link successful</title>
</link_info>
